<html><head><title>Statement</title></head><body><h1>Statement for BigCo</h1><table><thead><tr><th>Play</th><th>Seats</th><th>Cost</th></tr></thead><tbody><tr><td>Hamlet</td><td>55</td><td>$650.00</td></tr><tr><td>As You Like It</td><td>35</td><td>$580.00</td></tr><tr><td>Othello</td><td>40</td><td>$500.00</td></tr></tbody></table><p>Amount owed is $1,730.00</p><p>You earned 47 credits</p></body></html>